============================= test session starts =============================
platform win32 -- Python 3.11.8, pytest-9.0.2, pluggy-1.6.0 -- C:\msys64\mingw64\bin\python.exe
cachedir: .pytest_cache
rootdir: G:\Image-Processing
collecting ... collected 62 items

backend/tests/test_fourier_data.py::TestFourierDataConstruction::test_from_image_shape PASSED [  1%]
backend/tests/test_fourier_data.py::TestFourierDataConstruction::test_from_image_non_square PASSED [  3%]
backend/tests/test_fourier_data.py::TestFourierDataConstruction::test_from_image_non_power_of_2 PASSED [  4%]
backend/tests/test_fourier_data.py::TestFourierDataComponents::test_magnitude_uint8 PASSED [  6%]
backend/tests/test_fourier_data.py::TestFourierDataComponents::test_phase_uint8 PASSED [  8%]
backend/tests/test_fourier_data.py::TestFourierDataComponents::test_real_uint8 PASSED [  9%]
backend/tests/test_fourier_data.py::TestFourierDataComponents::test_imaginary_uint8 PASSED [ 11%]
backend/tests/test_fourier_data.py::TestFourierDataComponents::test_components_are_distinct PASSED [ 12%]
backend/tests/test_fourier_data.py::TestFourierDataComponents::test_caching PASSED [ 14%]
backend/tests/test_fourier_data.py::TestFourierDataComponents::test_get_component_valid PASSED [ 16%]
backend/tests/test_fourier_data.py::TestFourierDataComponents::test_get_component_invalid PASSED [ 17%]
backend/tests/test_fourier_data.py::TestFourierDataDisplay::test_display_default_bc PASSED [ 19%]
backend/tests/test_fourier_data.py::TestFourierDataDisplay::test_display_brightness PASSED [ 20%]
backend/tests/test_fourier_data.py::TestFourierDataDisplay::test_display_clamped PASSED [ 22%]
backend/tests/test_fourier_data.py::TestFourierDataRoundTrip::test_roundtrip_fidelity[shape0] PASSED [ 24%]
backend/tests/test_fourier_data.py::TestFourierDataRoundTrip::test_roundtrip_fidelity[shape1] PASSED [ 25%]
backend/tests/test_fourier_data.py::TestFourierDataRoundTrip::test_roundtrip_fidelity[shape2] PASSED [ 27%]
backend/tests/test_fourier_data.py::TestFourierDataRoundTrip::test_roundtrip_single_pixel PASSED [ 29%]
backend/tests/test_image_model.py::TestImageModelLoad::test_load_png_grayscale PASSED [ 30%]
backend/tests/test_image_model.py::TestImageModelLoad::test_load_rgb_converts_to_grayscale PASSED [ 32%]
backend/tests/test_image_model.py::TestImageModelLoad::test_load_bmp PASSED [ 33%]
backend/tests/test_image_model.py::TestImageModelLoad::test_load_jpg PASSED [ 35%]
backend/tests/test_image_model.py::TestImageModelLoad::test_load_jpeg_extension PASSED [ 37%]
backend/tests/test_image_model.py::TestImageModelLoad::test_unsupported_format_raises PASSED [ 38%]
backend/tests/test_image_model.py::TestImageModelLoad::test_normalized_range PASSED [ 40%]
backend/tests/test_image_model.py::TestImageModelLoad::test_load_clears_derived_state PASSED [ 41%]
backend/tests/test_image_model.py::TestImageModelDisplay::test_default_bc PASSED [ 43%]
backend/tests/test_image_model.py::TestImageModelDisplay::test_brightness_increase PASSED [ 45%]
backend/tests/test_image_model.py::TestImageModelDisplay::test_contrast_increase PASSED [ 46%]
backend/tests/test_image_model.py::TestImageModelDisplay::test_bc_does_not_mutate_original PASSED [ 48%]
backend/tests/test_image_model.py::TestImageModelDisplay::test_bc_clamping PASSED [ 50%]
backend/tests/test_mixing_engine.py::TestMixingEngineSingleImage::test_single_image_identity_real_imag PASSED [ 51%]
backend/tests/test_mixing_engine.py::TestMixingEngineSingleImage::test_single_image_identity_mag_phase PASSED [ 53%]
backend/tests/test_mixing_engine.py::TestMixingEngineZeroWeights::test_all_zero_weights PASSED [ 54%]
backend/tests/test_mixing_engine.py::TestMixingEngineMultiImage::test_mag_phase_mode_two_images PASSED [ 56%]
backend/tests/test_mixing_engine.py::TestMixingEngineMultiImage::test_real_imag_mode_two_images PASSED [ 58%]
backend/tests/test_mixing_engine.py::TestMixingEngineWithMask::test_inner_mask_changes_result PASSED [ 59%]
backend/tests/test_mixing_engine.py::TestMixingEngineEdgeCases::test_no_loaded_images PASSED [ 61%]
backend/tests/test_mixing_engine.py::TestMixingEngineEdgeCases::test_invalid_mode_raises PASSED [ 62%]
backend/tests/test_region_mask.py::TestRegionMaskInner::test_inner_100_percent PASSED [ 64%]
backend/tests/test_region_mask.py::TestRegionMaskInner::test_inner_0_percent PASSED [ 66%]
backend/tests/test_region_mask.py::TestRegionMaskInner::test_inner_50_percent PASSED [ 67%]
backend/tests/test_region_mask.py::TestRegionMaskOuter::test_outer_100_percent PASSED [ 69%]
backend/tests/test_region_mask.py::TestRegionMaskOuter::test_outer_0_percent PASSED [ 70%]
backend/tests/test_region_mask.py::TestRegionMaskOuter::test_outer_50_percent PASSED [ 72%]
backend/tests/test_region_mask.py::TestRegionMaskShape::test_shape_matches_input PASSED [ 74%]
backend/tests/test_region_mask.py::TestRegionMaskShape::test_non_square_shape PASSED [ 75%]
backend/tests/test_region_mask.py::TestRegionMaskShape::test_invalid_mode_raises PASSED [ 77%]
backend/tests/test_region_mask.py::TestRegionMaskShape::test_mask_values_binary PASSED [ 79%]
backend/tests/test_region_mask.py::TestRegionMaskShape::test_inner_outer_complement PASSED [ 80%]
backend/tests/test_resize_policy.py::TestResizePolicyCompute::test_smallest_mode PASSED [ 82%]
backend/tests/test_resize_policy.py::TestResizePolicyCompute::test_largest_mode PASSED [ 83%]
backend/tests/test_resize_policy.py::TestResizePolicyCompute::test_fixed_mode PASSED [ 85%]
backend/tests/test_resize_policy.py::TestResizePolicyCompute::test_fixed_mode_requires_dimensions PASSED [ 87%]
backend/tests/test_resize_policy.py::TestResizePolicyCompute::test_fixed_mode_rejects_zero PASSED [ 88%]
backend/tests/test_resize_policy.py::TestResizePolicyCompute::test_empty_sizes_raises PASSED [ 90%]
backend/tests/test_resize_policy.py::TestResizePolicyCompute::test_single_image_smallest PASSED [ 91%]
backend/tests/test_resize_policy.py::TestResizePolicyResize::test_resize_force_stretch PASSED [ 93%]
backend/tests/test_resize_policy.py::TestResizePolicyResize::test_resize_preserve_aspect PASSED [ 95%]
backend/tests/test_resize_policy.py::TestResizePolicyResize::test_resize_same_size_returns_copy PASSED [ 96%]
backend/tests/test_resize_policy.py::TestResizePolicyResize::test_resize_output_range PASSED [ 98%]
backend/tests/test_resize_policy.py::TestResizePolicyResize::test_resize_preserve_aspect_padding PASSED [100%]

============================= 62 passed in 0.42s ==============================
